2026-09-26 20:43:11,786 [INFO] ber.path_discovery: Using explicit data root: dataset
2026-09-26 20:43:16,873 [INFO] ber.forensics: [source1] processed 100000 rows so far
2026-09-26 20:43:21,437 [INFO] ber.forensics: [source1] processed 200000 rows so far
2026-09-26 20:43:26,198 [INFO] ber.forensics: [source1] processed 300000 rows so far
2026-09-26 20:43:30,893 [INFO] ber.forensics: [source1] processed 400000 rows so far
2026-09-26 20:43:35,758 [INFO] ber.forensics: [source1] processed 500000 rows so far
2026-09-26 20:43:40,453 [INFO] ber.forensics: [source1] processed 600000 rows so far
2026-09-26 20:43:45,195 [INFO] ber.forensics: [source1] processed 700000 rows so far
2026-09-26 20:43:49,902 [INFO] ber.forensics: [source1] processed 800000 rows so far
2026-09-26 20:43:54,379 [INFO] ber.forensics: [source1] processed 900000 rows so far
2026-09-26 20:43:59,000 [INFO] ber.forensics: [source1] processed 1000000 rows so far
2026-09-26 20:44:03,958 [INFO] ber.forensics: [source1] processed 1100000 rows so far
2026-09-26 20:44:08,768 [INFO] ber.forensics: [source1] processed 1200000 rows so far
2026-09-26 20:44:13,828 [INFO] ber.forensics: [source1] processed 1300000 rows so far
2026-09-26 20:44:18,879 [INFO] ber.forensics: [source1] processed 1400000 rows so far
2026-09-26 20:44:23,925 [INFO] ber.forensics: [source1] processed 1500000 rows so far
2026-09-26 20:44:28,826 [INFO] ber.forensics: [source1] processed 1600000 rows so far
2026-09-26 20:44:33,566 [INFO] ber.forensics: [source1] processed 1700000 rows so far
2026-09-26 20:44:38,166 [INFO] ber.forensics: [source1] processed 1800000 rows so far
2026-09-26 20:44:42,868 [INFO] ber.forensics: [source1] processed 1900000 rows so far
2026-09-26 20:44:47,636 [INFO] ber.forensics: [source1] processed 2000000 rows so far
2026-09-26 20:44:52,543 [INFO] ber.forensics: [source1] processed 2100000 rows so far
2026-09-26 20:44:57,132 [INFO] ber.forensics: [source1] processed 2200000 rows so far
2026-09-26 20:44:57,448 [INFO] ber.forensics: [source1] processed 2206821 rows so far
2026-09-26 20:45:03,667 [INFO] ber.forensics: [source2] processed 100000 rows so far
2026-09-26 20:45:08,561 [INFO] ber.forensics: [source2] processed 200000 rows so far
2026-09-26 20:45:13,252 [INFO] ber.forensics: [source2] processed 300000 rows so far
2026-09-26 20:45:17,794 [INFO] ber.forensics: [source2] processed 400000 rows so far
2026-09-26 20:45:22,221 [INFO] ber.forensics: [source2] processed 500000 rows so far
2026-09-26 20:45:27,009 [INFO] ber.forensics: [source2] processed 600000 rows so far
2026-09-26 20:45:31,797 [INFO] ber.forensics: [source2] processed 700000 rows so far
2026-09-26 20:45:36,889 [INFO] ber.forensics: [source2] processed 800000 rows so far
2026-09-26 20:45:41,574 [INFO] ber.forensics: [source2] processed 900000 rows so far
2026-09-26 20:45:46,694 [INFO] ber.forensics: [source2] processed 1000000 rows so far
2026-09-26 20:45:51,348 [INFO] ber.forensics: [source2] processed 1100000 rows so far
2026-09-26 20:45:56,168 [INFO] ber.forensics: [source2] processed 1200000 rows so far
2026-09-26 20:46:01,135 [INFO] ber.forensics: [source2] processed 1300000 rows so far
2026-09-26 20:46:06,245 [INFO] ber.forensics: [source2] processed 1400000 rows so far
2026-09-26 20:46:11,311 [INFO] ber.forensics: [source2] processed 1500000 rows so far
2026-09-26 20:46:16,531 [INFO] ber.forensics: [source2] processed 1600000 rows so far
2026-09-26 20:46:21,747 [INFO] ber.forensics: [source2] processed 1700000 rows so far
2026-09-26 20:46:27,003 [INFO] ber.forensics: [source2] processed 1800000 rows so far
2026-09-26 20:46:32,034 [INFO] ber.forensics: [source2] processed 1900000 rows so far
2026-09-26 20:46:37,034 [INFO] ber.forensics: [source2] processed 2000000 rows so far
2026-09-26 20:46:42,311 [INFO] ber.forensics: [source2] processed 2100000 rows so far
2026-09-26 20:46:47,213 [INFO] ber.forensics: [source2] processed 2200000 rows so far
2026-09-26 20:46:52,230 [INFO] ber.forensics: [source2] processed 2300000 rows so far
2026-09-26 20:46:57,294 [INFO] ber.forensics: [source2] processed 2400000 rows so far
2026-09-26 20:47:02,621 [INFO] ber.forensics: [source2] processed 2500000 rows so far
2026-09-26 20:47:08,011 [INFO] ber.forensics: [source2] processed 2600000 rows so far
2026-09-26 20:47:15,001 [INFO] ber.forensics: [source2] processed 2700000 rows so far
2026-09-26 20:47:24,209 [INFO] ber.forensics: [source2] processed 2800000 rows so far
2026-09-26 20:47:31,972 [INFO] ber.forensics: [source2] processed 2900000 rows so far
2026-09-26 20:47:37,499 [INFO] ber.forensics: [source2] processed 3000000 rows so far
2026-09-26 20:47:42,856 [INFO] ber.forensics: [source2] processed 3100000 rows so far
2026-09-26 20:47:53,499 [INFO] ber.forensics: [source2] processed 3200000 rows so far
2026-09-26 20:48:04,045 [INFO] ber.forensics: [source2] processed 3300000 rows so far
2026-09-26 20:48:09,454 [INFO] ber.forensics: [source2] processed 3400000 rows so far
2026-09-26 20:48:14,423 [INFO] ber.forensics: [source2] processed 3500000 rows so far
2026-09-26 20:48:19,244 [INFO] ber.forensics: [source2] processed 3600000 rows so far
2026-09-26 20:48:23,856 [INFO] ber.forensics: [source2] processed 3700000 rows so far
2026-09-26 20:48:28,545 [INFO] ber.forensics: [source2] processed 3800000 rows so far
2026-09-26 20:48:33,705 [INFO] ber.forensics: [source2] processed 3900000 rows so far
2026-09-26 20:48:38,811 [INFO] ber.forensics: [source2] processed 4000000 rows so far
2026-09-26 20:48:43,641 [INFO] ber.forensics: [source2] processed 4100000 rows so far
2026-09-26 20:48:48,732 [INFO] ber.forensics: [source2] processed 4200000 rows so far
2026-09-26 20:48:53,364 [INFO] ber.forensics: [source2] processed 4300000 rows so far
2026-09-26 20:48:58,128 [INFO] ber.forensics: [source2] processed 4400000 rows so far
2026-09-26 20:49:02,878 [INFO] ber.forensics: [source2] processed 4500000 rows so far
2026-09-26 20:49:07,715 [INFO] ber.forensics: [source2] processed 4600000 rows so far
2026-09-26 20:49:12,375 [INFO] ber.forensics: [source2] processed 4700000 rows so far
2026-09-26 20:49:17,502 [INFO] ber.forensics: [source2] processed 4800000 rows so far
2026-09-26 20:49:22,152 [INFO] ber.forensics: [source2] processed 4900000 rows so far
2026-09-26 20:49:26,881 [INFO] ber.forensics: [source2] processed 5000000 rows so far
2026-09-26 20:49:28,712 [INFO] ber.forensics: [source2] processed 5034616 rows so far
2026-09-26 20:49:36,690 [INFO] ber.forensics: [source3] processed 100000 rows so far
2026-09-26 20:49:41,677 [INFO] ber.forensics: [source3] processed 200000 rows so far
2026-09-26 20:49:46,876 [INFO] ber.forensics: [source3] processed 300000 rows so far
2026-09-26 20:49:51,542 [INFO] ber.forensics: [source3] processed 400000 rows so far
2026-09-26 20:49:56,117 [INFO] ber.forensics: [source3] processed 500000 rows so far
2026-09-26 20:50:00,780 [INFO] ber.forensics: [source3] processed 600000 rows so far
2026-09-26 20:50:06,180 [INFO] ber.forensics: [source3] processed 700000 rows so far
2026-09-26 20:50:11,179 [INFO] ber.forensics: [source3] processed 800000 rows so far
2026-09-26 20:50:16,278 [INFO] ber.forensics: [source3] processed 900000 rows so far
2026-09-26 20:50:21,126 [INFO] ber.forensics: [source3] processed 1000000 rows so far
2026-09-26 20:50:25,671 [INFO] ber.forensics: [source3] processed 1100000 rows so far
2026-09-26 20:50:30,329 [INFO] ber.forensics: [source3] processed 1200000 rows so far
2026-09-26 20:50:35,291 [INFO] ber.forensics: [source3] processed 1300000 rows so far
2026-09-26 20:50:40,450 [INFO] ber.forensics: [source3] processed 1400000 rows so far
2026-09-26 20:50:45,589 [INFO] ber.forensics: [source3] processed 1500000 rows so far
2026-09-26 20:50:50,360 [INFO] ber.forensics: [source3] processed 1600000 rows so far
2026-09-26 20:50:55,059 [INFO] ber.forensics: [source3] processed 1700000 rows so far
2026-09-26 20:50:59,779 [INFO] ber.forensics: [source3] processed 1800000 rows so far
2026-09-26 20:51:04,664 [INFO] ber.forensics: [source3] processed 1900000 rows so far
2026-09-26 20:51:09,674 [INFO] ber.forensics: [source3] processed 2000000 rows so far
2026-09-26 20:51:15,083 [INFO] ber.forensics: [source3] processed 2100000 rows so far
2026-09-26 20:51:20,355 [INFO] ber.forensics: [source3] processed 2200000 rows so far
2026-09-26 20:51:25,876 [INFO] ber.forensics: [source3] processed 2300000 rows so far
2026-09-26 20:51:30,867 [INFO] ber.forensics: [source3] processed 2400000 rows so far
2026-09-26 20:51:37,304 [INFO] ber.forensics: [source3] processed 2500000 rows so far
2026-09-26 20:51:44,887 [INFO] ber.forensics: [source3] processed 2600000 rows so far
2026-09-26 20:51:52,395 [INFO] ber.forensics: [source3] processed 2700000 rows so far
2026-09-26 20:51:59,911 [INFO] ber.forensics: [source3] processed 2800000 rows so far
2026-09-26 20:52:08,046 [INFO] ber.forensics: [source3] processed 2900000 rows so far
2026-09-26 20:52:21,962 [INFO] ber.forensics: [source3] processed 3000000 rows so far
2026-09-26 20:52:36,393 [INFO] ber.forensics: [source3] processed 3100000 rows so far
2026-09-26 20:52:50,259 [INFO] ber.forensics: [source3] processed 3200000 rows so far
2026-09-26 20:53:04,173 [INFO] ber.forensics: [source3] processed 3300000 rows so far
2026-09-26 20:53:18,084 [INFO] ber.forensics: [source3] processed 3400000 rows so far
2026-09-26 20:53:32,257 [INFO] ber.forensics: [source3] processed 3500000 rows so far
2026-09-26 20:53:46,060 [INFO] ber.forensics: [source3] processed 3600000 rows so far
2026-09-26 20:54:00,123 [INFO] ber.forensics: [source3] processed 3700000 rows so far
2026-09-26 20:54:14,225 [INFO] ber.forensics: [source3] processed 3800000 rows so far
2026-09-26 20:54:28,098 [INFO] ber.forensics: [source3] processed 3900000 rows so far
2026-09-26 20:54:41,927 [INFO] ber.forensics: [source3] processed 4000000 rows so far
2026-09-26 20:54:55,897 [INFO] ber.forensics: [source3] processed 4100000 rows so far
2026-09-26 20:55:09,834 [INFO] ber.forensics: [source3] processed 4200000 rows so far
2026-09-26 20:55:23,787 [INFO] ber.forensics: [source3] processed 4300000 rows so far
2026-09-26 20:55:37,643 [INFO] ber.forensics: [source3] processed 4400000 rows so far
2026-09-26 20:55:51,576 [INFO] ber.forensics: [source3] processed 4500000 rows so far
2026-09-26 20:56:05,614 [INFO] ber.forensics: [source3] processed 4600000 rows so far
2026-09-26 20:56:19,639 [INFO] ber.forensics: [source3] processed 4700000 rows so far
2026-09-26 20:56:33,539 [INFO] ber.forensics: [source3] processed 4800000 rows so far
2026-09-26 20:56:47,478 [INFO] ber.forensics: [source3] processed 4900000 rows so far
2026-09-26 20:57:01,481 [INFO] ber.forensics: [source3] processed 5000000 rows so far
2026-09-26 20:57:15,778 [INFO] ber.forensics: [source3] processed 5100000 rows so far
2026-09-26 20:57:29,657 [INFO] ber.forensics: [source3] processed 5200000 rows so far
2026-09-26 20:57:41,543 [INFO] ber.forensics: [source3] processed 5285603 rows so far
2026-09-26 20:58:30,620 [INFO] ber.forensics: Wrote full forensics report to artifacts\forensics_report.json
2026-09-26 20:58:30,725 [INFO] ber.forensics: Wrote CSV samples to artifacts\samples
2026-09-27 18:32:54,191 [INFO] ber.path_discovery: Searching for dataset under: ['C:\\Users\\ASUS\\Downloads', 'C:\\Users\\ASUS\\Desktop', 'C:\\Users\\ASUS\\Documents', 'C:\\Users\\ASUS\\Downloads\\Amazon_ML_Challenge - Copy\\Amazon_ML_Challenge - Copy']
2026-09-27 18:35:11,647 [INFO] ber.path_discovery: Extracting c:\Users\ASUS\Downloads\ml amazon dataset zip\ml amazon dataset\6ab10eb3b23ba_student_resource.zip -> c:\Users\ASUS\Downloads\ml amazon dataset zip\ml amazon dataset\6ab10eb3b23ba_student_resource_extracted
2026-09-27 18:35:51,397 [INFO] ber.path_discovery: Using explicit data root: c:\Users\ASUS\Downloads\ml amazon dataset zip\ml amazon dataset\6ab10eb3b23ba_student_resource_extracted
2026-09-27 18:36:10,008 [INFO] ber.forensics: [source1] processed 100000 rows so far
2026-09-27 18:36:22,701 [INFO] ber.forensics: [source1] processed 200000 rows so far
2026-09-27 18:36:34,216 [INFO] ber.forensics: [source1] processed 300000 rows so far
2026-09-27 18:36:45,763 [INFO] ber.forensics: [source1] processed 400000 rows so far
2026-09-27 18:36:58,008 [INFO] ber.forensics: [source1] processed 500000 rows so far
2026-09-27 18:37:08,721 [INFO] ber.forensics: [source1] processed 600000 rows so far
2026-09-27 18:37:23,588 [INFO] ber.forensics: [source1] processed 700000 rows so far
2026-09-27 18:37:40,096 [INFO] ber.forensics: [source1] processed 800000 rows so far
2026-09-27 18:37:56,654 [INFO] ber.forensics: [source1] processed 900000 rows so far
2026-09-27 18:38:30,513 [INFO] ber.forensics: [source1] processed 1000000 rows so far
2026-09-27 18:39:05,352 [INFO] ber.forensics: [source1] processed 1100000 rows so far
2026-09-27 18:39:27,648 [INFO] ber.forensics: [source1] processed 1200000 rows so far
2026-09-27 18:39:36,881 [INFO] ber.forensics: [source1] processed 1300000 rows so far
2026-09-27 18:39:46,360 [INFO] ber.forensics: [source1] processed 1400000 rows so far
2026-09-27 18:39:57,225 [INFO] ber.forensics: [source1] processed 1500000 rows so far
2026-09-27 18:40:08,148 [INFO] ber.forensics: [source1] processed 1600000 rows so far
2026-09-27 18:40:19,394 [INFO] ber.forensics: [source1] processed 1700000 rows so far
2026-09-27 18:40:29,862 [INFO] ber.forensics: [source1] processed 1800000 rows so far
2026-09-27 18:40:40,334 [INFO] ber.forensics: [source1] processed 1900000 rows so far
2026-09-27 18:40:51,575 [INFO] ber.forensics: [source1] processed 2000000 rows so far
2026-09-27 18:41:02,463 [INFO] ber.forensics: [source1] processed 2100000 rows so far
2026-09-27 18:41:13,103 [INFO] ber.forensics: [source1] processed 2200000 rows so far
2026-09-27 18:41:16,497 [INFO] ber.forensics: [source1] processed 2206821 rows so far
2026-09-27 18:44:25,808 [INFO] ber.forensics: [source2] processed 100000 rows so far
2026-09-27 18:44:53,189 [INFO] ber.forensics: [source2] processed 200000 rows so far
2026-09-27 18:45:14,078 [INFO] ber.forensics: [source2] processed 300000 rows so far
2026-09-27 18:45:28,787 [INFO] ber.forensics: [source2] processed 400000 rows so far
2026-09-27 18:45:43,174 [INFO] ber.forensics: [source2] processed 500000 rows so far
2026-09-27 18:45:54,649 [INFO] ber.forensics: [source2] processed 600000 rows so far
2026-09-27 18:46:06,798 [INFO] ber.forensics: [source2] processed 700000 rows so far
2026-09-27 18:46:18,141 [INFO] ber.forensics: [source2] processed 800000 rows so far
2026-09-27 18:46:29,064 [INFO] ber.forensics: [source2] processed 900000 rows so far
2026-09-27 18:46:39,757 [INFO] ber.forensics: [source2] processed 1000000 rows so far
2026-09-27 18:46:50,969 [INFO] ber.forensics: [source2] processed 1100000 rows so far
2026-09-27 18:47:02,162 [INFO] ber.forensics: [source2] processed 1200000 rows so far
2026-09-27 18:47:13,803 [INFO] ber.forensics: [source2] processed 1300000 rows so far
2026-09-27 18:47:25,924 [INFO] ber.forensics: [source2] processed 1400000 rows so far
2026-09-27 18:47:40,910 [INFO] ber.forensics: [source2] processed 1500000 rows so far
2026-09-27 18:47:58,739 [INFO] ber.forensics: [source2] processed 1600000 rows so far
2026-09-27 18:48:27,031 [INFO] ber.forensics: [source2] processed 1700000 rows so far
2026-09-27 18:48:52,025 [INFO] ber.forensics: [source2] processed 1800000 rows so far
2026-09-27 18:49:10,086 [INFO] ber.forensics: [source2] processed 1900000 rows so far
2026-09-27 18:49:25,120 [INFO] ber.forensics: [source2] processed 2000000 rows so far
2026-09-27 18:49:42,886 [INFO] ber.forensics: [source2] processed 2100000 rows so far
2026-09-27 18:53:48,098 [INFO] ber.forensics: [source2] processed 2200000 rows so far
2026-09-27 18:57:06,984 [INFO] ber.forensics: [source2] processed 2300000 rows so far
2026-09-27 19:00:42,289 [INFO] ber.forensics: [source2] processed 2400000 rows so far
2026-09-27 19:05:27,601 [INFO] ber.forensics: [source2] processed 2500000 rows so far
2026-09-27 19:25:48,814 [INFO] ber.forensics: [source2] processed 2600000 rows so far
2026-09-27 20:32:22,486 [INFO] ber.path_discovery: Using explicit data root: ..\ml amazon dataset zip\ml amazon dataset\6ab10eb3b23ba_student_resource_extracted\student_resource
2026-09-27 20:32:25,321 [INFO] ber.forensics: [source1] processed 10000 rows so far
2026-09-27 20:32:26,885 [INFO] ber.forensics: [source1] processed 20000 rows so far
2026-09-27 20:32:27,989 [INFO] ber.forensics: [source1] processed 30000 rows so far
2026-09-27 20:32:29,199 [INFO] ber.forensics: [source1] processed 40000 rows so far
2026-09-27 20:32:30,969 [INFO] ber.forensics: [source1] processed 50000 rows so far
2026-09-27 20:32:32,498 [INFO] ber.forensics: [source1] processed 60000 rows so far
2026-09-27 20:32:34,712 [INFO] ber.forensics: [source1] processed 70000 rows so far
2026-09-27 20:32:36,120 [INFO] ber.forensics: [source1] processed 80000 rows so far
2026-09-27 20:32:37,303 [INFO] ber.forensics: [source1] processed 90000 rows so far
2026-09-27 20:32:38,413 [INFO] ber.forensics: [source1] processed 100000 rows so far
2026-09-27 20:32:39,734 [INFO] ber.forensics: [source1] processed 110000 rows so far
2026-09-27 20:32:40,984 [INFO] ber.forensics: [source1] processed 120000 rows so far
2026-09-27 20:32:42,089 [INFO] ber.forensics: [source1] processed 130000 rows so far
2026-09-27 20:32:43,253 [INFO] ber.forensics: [source1] processed 140000 rows so far
2026-09-27 20:32:44,467 [INFO] ber.forensics: [source1] processed 150000 rows so far
2026-09-27 20:32:45,552 [INFO] ber.forensics: [source1] processed 160000 rows so far
2026-09-27 20:32:47,193 [INFO] ber.forensics: [source1] processed 170000 rows so far
2026-09-27 20:32:48,551 [INFO] ber.forensics: [source1] processed 180000 rows so far
2026-09-27 20:32:49,856 [INFO] ber.forensics: [source1] processed 190000 rows so far
2026-09-27 20:32:51,078 [INFO] ber.forensics: [source1] processed 200000 rows so far
2026-09-27 20:32:52,222 [INFO] ber.forensics: [source1] processed 210000 rows so far
2026-09-27 20:32:53,511 [INFO] ber.forensics: [source1] processed 220000 rows so far
2026-09-27 20:32:54,817 [INFO] ber.forensics: [source1] processed 230000 rows so far
2026-09-27 20:32:56,102 [INFO] ber.forensics: [source1] processed 240000 rows so far
2026-09-27 20:32:57,132 [INFO] ber.forensics: [source1] processed 250000 rows so far
2026-09-27 20:32:58,402 [INFO] ber.forensics: [source1] processed 260000 rows so far
2026-09-27 20:32:59,692 [INFO] ber.forensics: [source1] processed 270000 rows so far
2026-09-27 20:33:01,112 [INFO] ber.forensics: [source1] processed 280000 rows so far
2026-09-27 20:33:02,795 [INFO] ber.forensics: [source1] processed 290000 rows so far
2026-09-27 20:33:04,471 [INFO] ber.forensics: [source1] processed 300000 rows so far
2026-09-27 20:33:06,064 [INFO] ber.forensics: [source1] processed 310000 rows so far
2026-09-27 20:33:07,721 [INFO] ber.forensics: [source1] processed 320000 rows so far
2026-09-27 20:33:08,931 [INFO] ber.forensics: [source1] processed 330000 rows so far
2026-09-27 20:33:10,076 [INFO] ber.forensics: [source1] processed 340000 rows so far
2026-09-27 20:33:11,245 [INFO] ber.forensics: [source1] processed 350000 rows so far
2026-09-27 20:33:12,478 [INFO] ber.forensics: [source1] processed 360000 rows so far
2026-09-27 20:33:13,689 [INFO] ber.forensics: [source1] processed 370000 rows so far
2026-09-27 20:33:14,929 [INFO] ber.forensics: [source1] processed 380000 rows so far
2026-09-27 20:33:18,813 [INFO] ber.forensics: [source1] processed 390000 rows so far
2026-09-27 20:33:20,947 [INFO] ber.forensics: [source1] processed 400000 rows so far
2026-09-27 20:33:22,118 [INFO] ber.forensics: [source1] processed 410000 rows so far
2026-09-27 20:33:23,536 [INFO] ber.forensics: [source1] processed 420000 rows so far
2026-09-27 20:33:25,525 [INFO] ber.forensics: [source1] processed 430000 rows so far
2026-09-27 20:33:26,910 [INFO] ber.forensics: [source1] processed 440000 rows so far
2026-09-27 20:33:28,195 [INFO] ber.forensics: [source1] processed 450000 rows so far
2026-09-27 20:33:29,609 [INFO] ber.forensics: [source1] processed 460000 rows so far
2026-09-27 20:33:33,452 [INFO] ber.forensics: [source1] processed 470000 rows so far
2026-09-27 20:33:35,316 [INFO] ber.forensics: [source1] processed 480000 rows so far
2026-09-27 20:33:36,635 [INFO] ber.forensics: [source1] processed 490000 rows so far
2026-09-27 20:33:38,016 [INFO] ber.forensics: [source1] processed 500000 rows so far
2026-09-27 20:33:39,949 [INFO] ber.forensics: [source1] processed 510000 rows so far
2026-09-27 20:33:41,155 [INFO] ber.forensics: [source1] processed 520000 rows so far
2026-09-27 20:33:42,426 [INFO] ber.forensics: [source1] processed 530000 rows so far
2026-09-27 20:33:43,633 [INFO] ber.forensics: [source1] processed 540000 rows so far
2026-09-27 20:33:45,245 [INFO] ber.forensics: [source1] processed 550000 rows so far
2026-09-27 20:33:46,747 [INFO] ber.forensics: [source1] processed 560000 rows so far
2026-09-27 20:33:47,950 [INFO] ber.forensics: [source1] processed 570000 rows so far
2026-09-27 20:33:49,718 [INFO] ber.forensics: [source1] processed 580000 rows so far
2026-09-27 20:33:50,998 [INFO] ber.forensics: [source1] processed 590000 rows so far
2026-09-27 20:33:52,209 [INFO] ber.forensics: [source1] processed 600000 rows so far
2026-09-27 20:33:53,581 [INFO] ber.forensics: [source1] processed 610000 rows so far
2026-09-27 20:33:55,384 [INFO] ber.forensics: [source1] processed 620000 rows so far
2026-09-27 20:33:56,822 [INFO] ber.forensics: [source1] processed 630000 rows so far
2026-09-27 20:33:58,333 [INFO] ber.forensics: [source1] processed 640000 rows so far
2026-09-27 20:34:00,340 [INFO] ber.forensics: [source1] processed 650000 rows so far
2026-09-27 20:34:01,580 [INFO] ber.forensics: [source1] processed 660000 rows so far
2026-09-27 20:34:03,000 [INFO] ber.forensics: [source1] processed 670000 rows so far
2026-09-27 20:34:04,463 [INFO] ber.forensics: [source1] processed 680000 rows so far
2026-09-27 20:34:05,871 [INFO] ber.forensics: [source1] processed 690000 rows so far
2026-09-27 20:34:07,633 [INFO] ber.forensics: [source1] processed 700000 rows so far
2026-09-27 20:34:09,104 [INFO] ber.forensics: [source1] processed 710000 rows so far
2026-09-27 20:34:10,437 [INFO] ber.forensics: [source1] processed 720000 rows so far
2026-09-27 20:34:12,408 [INFO] ber.forensics: [source1] processed 730000 rows so far
2026-09-27 20:34:13,783 [INFO] ber.forensics: [source1] processed 740000 rows so far
2026-09-27 20:34:14,976 [INFO] ber.forensics: [source1] processed 750000 rows so far
2026-09-27 20:34:24,000 [INFO] ber.forensics: [source1] processed 760000 rows so far
2026-09-27 20:34:27,538 [INFO] ber.forensics: [source1] processed 770000 rows so far
2026-09-27 20:34:29,130 [INFO] ber.forensics: [source1] processed 780000 rows so far
2026-09-27 20:34:30,895 [INFO] ber.forensics: [source1] processed 790000 rows so far
2026-09-27 20:34:36,547 [INFO] ber.forensics: [source1] processed 800000 rows so far
2026-09-27 20:34:38,188 [INFO] ber.forensics: [source1] processed 810000 rows so far
2026-09-27 20:34:40,684 [INFO] ber.forensics: [source1] processed 820000 rows so far
2026-09-27 20:34:42,642 [INFO] ber.forensics: [source1] processed 830000 rows so far
2026-09-27 20:34:44,019 [INFO] ber.forensics: [source1] processed 840000 rows so far
2026-09-27 20:34:45,553 [INFO] ber.forensics: [source1] processed 850000 rows so far
2026-09-27 20:34:47,036 [INFO] ber.forensics: [source1] processed 860000 rows so far
2026-09-27 20:34:48,442 [INFO] ber.forensics: [source1] processed 870000 rows so far
2026-09-27 20:34:50,376 [INFO] ber.forensics: [source1] processed 880000 rows so far
2026-09-27 20:34:51,967 [INFO] ber.forensics: [source1] processed 890000 rows so far
2026-09-27 20:34:53,416 [INFO] ber.forensics: [source1] processed 900000 rows so far
2026-09-27 20:34:54,932 [INFO] ber.forensics: [source1] processed 910000 rows so far
2026-09-27 20:34:56,636 [INFO] ber.forensics: [source1] processed 920000 rows so far
2026-09-27 20:35:00,765 [INFO] ber.forensics: [source1] processed 930000 rows so far
2026-09-27 20:35:02,569 [INFO] ber.forensics: [source1] processed 940000 rows so far
2026-09-27 20:35:04,202 [INFO] ber.forensics: [source1] processed 950000 rows so far
2026-09-27 20:35:06,062 [INFO] ber.forensics: [source1] processed 960000 rows so far
2026-09-27 20:35:07,787 [INFO] ber.forensics: [source1] processed 970000 rows so far
2026-09-27 20:35:12,215 [INFO] ber.forensics: [source1] processed 980000 rows so far
2026-09-27 20:35:17,493 [INFO] ber.forensics: [source1] processed 990000 rows so far
2026-09-27 20:35:22,862 [INFO] ber.forensics: [source1] processed 1000000 rows so far
2026-09-27 20:35:24,915 [INFO] ber.forensics: [source1] processed 1010000 rows so far
2026-09-27 20:35:27,092 [INFO] ber.forensics: [source1] processed 1020000 rows so far
2026-09-27 20:35:28,945 [INFO] ber.forensics: [source1] processed 1030000 rows so far
2026-09-27 20:35:31,833 [INFO] ber.forensics: [source1] processed 1040000 rows so far
2026-09-27 20:35:34,781 [INFO] ber.forensics: [source1] processed 1050000 rows so far
2026-09-27 20:35:36,546 [INFO] ber.forensics: [source1] processed 1060000 rows so far
2026-09-27 20:35:39,083 [INFO] ber.forensics: [source1] processed 1070000 rows so far
2026-09-27 20:35:41,162 [INFO] ber.forensics: [source1] processed 1080000 rows so far
2026-09-27 20:35:43,588 [INFO] ber.forensics: [source1] processed 1090000 rows so far
2026-09-27 20:35:45,643 [INFO] ber.forensics: [source1] processed 1100000 rows so far
2026-09-27 20:35:47,663 [INFO] ber.forensics: [source1] processed 1110000 rows so far
2026-09-27 20:35:49,814 [INFO] ber.forensics: [source1] processed 1120000 rows so far
2026-09-27 20:35:51,089 [INFO] ber.forensics: [source1] processed 1130000 rows so far
2026-09-27 20:35:52,413 [INFO] ber.forensics: [source1] processed 1140000 rows so far
2026-09-27 20:35:54,811 [INFO] ber.forensics: [source1] processed 1150000 rows so far
2026-09-27 20:35:57,414 [INFO] ber.forensics: [source1] processed 1160000 rows so far
2026-09-27 20:35:59,812 [INFO] ber.forensics: [source1] processed 1170000 rows so far
2026-09-27 20:36:04,380 [INFO] ber.forensics: [source1] processed 1180000 rows so far
2026-09-27 20:36:08,545 [INFO] ber.forensics: [source1] processed 1190000 rows so far
2026-09-27 20:36:10,490 [INFO] ber.forensics: [source1] processed 1200000 rows so far
2026-09-27 20:36:12,792 [INFO] ber.forensics: [source1] processed 1210000 rows so far
2026-09-27 20:36:14,346 [INFO] ber.forensics: [source1] processed 1220000 rows so far
2026-09-27 20:36:15,773 [INFO] ber.forensics: [source1] processed 1230000 rows so far
2026-09-27 20:36:17,139 [INFO] ber.forensics: [source1] processed 1240000 rows so far
2026-09-27 20:36:18,634 [INFO] ber.forensics: [source1] processed 1250000 rows so far
2026-09-27 20:36:20,229 [INFO] ber.forensics: [source1] processed 1260000 rows so far
2026-09-27 20:36:21,443 [INFO] ber.forensics: [source1] processed 1270000 rows so far
2026-09-27 20:36:22,680 [INFO] ber.forensics: [source1] processed 1280000 rows so far
2026-09-27 20:36:24,085 [INFO] ber.forensics: [source1] processed 1290000 rows so far
2026-09-27 20:36:25,613 [INFO] ber.forensics: [source1] processed 1300000 rows so far
2026-09-27 20:36:27,127 [INFO] ber.forensics: [source1] processed 1310000 rows so far
2026-09-27 20:36:28,350 [INFO] ber.forensics: [source1] processed 1320000 rows so far
2026-09-27 20:36:29,596 [INFO] ber.forensics: [source1] processed 1330000 rows so far
2026-09-27 20:36:31,101 [INFO] ber.forensics: [source1] processed 1340000 rows so far
2026-09-27 20:36:34,779 [INFO] ber.forensics: [source1] processed 1350000 rows so far
2026-09-27 20:36:37,184 [INFO] ber.forensics: [source1] processed 1360000 rows so far
2026-09-27 20:36:38,773 [INFO] ber.forensics: [source1] processed 1370000 rows so far
2026-09-27 20:36:39,649 [INFO] ber.forensics: [source1] processed 1380000 rows so far
2026-09-27 20:36:40,576 [INFO] ber.forensics: [source1] processed 1390000 rows so far
2026-09-27 20:36:41,947 [INFO] ber.forensics: [source1] processed 1400000 rows so far
2026-09-27 20:36:46,056 [INFO] ber.forensics: [source1] processed 1410000 rows so far
2026-09-27 20:36:47,143 [INFO] ber.forensics: [source1] processed 1420000 rows so far
2026-09-27 20:36:48,547 [INFO] ber.forensics: [source1] processed 1430000 rows so far
2026-09-27 20:36:50,373 [INFO] ber.forensics: [source1] processed 1440000 rows so far
2026-09-27 20:36:51,596 [INFO] ber.forensics: [source1] processed 1450000 rows so far
2026-09-27 20:36:57,430 [INFO] ber.forensics: [source1] processed 1460000 rows so far
2026-09-27 20:37:04,386 [INFO] ber.forensics: [source1] processed 1470000 rows so far
2026-09-27 20:37:05,378 [INFO] ber.forensics: [source1] processed 1480000 rows so far
2026-09-27 20:37:06,448 [INFO] ber.forensics: [source1] processed 1490000 rows so far
2026-09-27 20:37:07,459 [INFO] ber.forensics: [source1] processed 1500000 rows so far
2026-09-27 20:37:08,662 [INFO] ber.forensics: [source1] processed 1510000 rows so far
2026-09-27 20:37:09,723 [INFO] ber.forensics: [source1] processed 1520000 rows so far
2026-09-27 20:37:10,841 [INFO] ber.forensics: [source1] processed 1530000 rows so far
2026-09-27 20:37:12,174 [INFO] ber.forensics: [source1] processed 1540000 rows so far
2026-09-27 20:37:13,199 [INFO] ber.forensics: [source1] processed 1550000 rows so far
2026-09-27 20:37:14,633 [INFO] ber.forensics: [source1] processed 1560000 rows so far
2026-09-27 20:37:16,071 [INFO] ber.forensics: [source1] processed 1570000 rows so far
2026-09-27 20:37:17,408 [INFO] ber.forensics: [source1] processed 1580000 rows so far
2026-09-27 20:37:18,669 [INFO] ber.forensics: [source1] processed 1590000 rows so far
2026-09-27 20:37:19,687 [INFO] ber.forensics: [source1] processed 1600000 rows so far
2026-09-27 20:37:20,644 [INFO] ber.forensics: [source1] processed 1610000 rows so far
2026-09-27 20:37:21,695 [INFO] ber.forensics: [source1] processed 1620000 rows so far
2026-09-27 20:37:22,741 [INFO] ber.forensics: [source1] processed 1630000 rows so far
2026-09-27 20:37:23,666 [INFO] ber.forensics: [source1] processed 1640000 rows so far
2026-09-27 20:37:24,571 [INFO] ber.forensics: [source1] processed 1650000 rows so far
2026-09-27 20:37:25,472 [INFO] ber.forensics: [source1] processed 1660000 rows so far
2026-09-27 20:37:26,515 [INFO] ber.forensics: [source1] processed 1670000 rows so far
2026-09-27 20:37:27,631 [INFO] ber.forensics: [source1] processed 1680000 rows so far
2026-09-27 20:37:28,945 [INFO] ber.forensics: [source1] processed 1690000 rows so far
2026-09-27 20:37:30,189 [INFO] ber.forensics: [source1] processed 1700000 rows so far
2026-09-27 20:37:32,619 [INFO] ber.forensics: [source1] processed 1710000 rows so far
2026-09-27 20:37:33,921 [INFO] ber.forensics: [source1] processed 1720000 rows so far
2026-09-27 20:37:35,464 [INFO] ber.forensics: [source1] processed 1730000 rows so far
2026-09-27 20:37:37,588 [INFO] ber.forensics: [source1] processed 1740000 rows so far
2026-09-27 20:37:39,190 [INFO] ber.forensics: [source1] processed 1750000 rows so far
2026-09-27 20:37:41,442 [INFO] ber.forensics: [source1] processed 1760000 rows so far
2026-09-27 20:37:42,973 [INFO] ber.forensics: [source1] processed 1770000 rows so far
2026-09-27 20:37:44,245 [INFO] ber.forensics: [source1] processed 1780000 rows so far
2026-09-27 20:37:45,723 [INFO] ber.forensics: [source1] processed 1790000 rows so far
2026-09-27 20:37:47,297 [INFO] ber.forensics: [source1] processed 1800000 rows so far
2026-09-27 20:37:48,520 [INFO] ber.forensics: [source1] processed 1810000 rows so far
2026-09-27 20:37:50,026 [INFO] ber.forensics: [source1] processed 1820000 rows so far
2026-09-27 20:37:51,154 [INFO] ber.forensics: [source1] processed 1830000 rows so far
2026-09-27 20:37:52,406 [INFO] ber.forensics: [source1] processed 1840000 rows so far
2026-09-27 20:37:54,633 [INFO] ber.forensics: [source1] processed 1850000 rows so far
2026-09-27 20:37:55,931 [INFO] ber.forensics: [source1] processed 1860000 rows so far
2026-09-27 20:37:57,546 [INFO] ber.forensics: [source1] processed 1870000 rows so far
2026-09-27 20:37:59,857 [INFO] ber.forensics: [source1] processed 1880000 rows so far
2026-09-27 20:38:01,729 [INFO] ber.forensics: [source1] processed 1890000 rows so far
2026-09-27 20:38:03,183 [INFO] ber.forensics: [source1] processed 1900000 rows so far
2026-09-27 20:38:04,708 [INFO] ber.forensics: [source1] processed 1910000 rows so far
2026-09-27 20:38:05,840 [INFO] ber.forensics: [source1] processed 1920000 rows so far
2026-09-27 20:38:06,987 [INFO] ber.forensics: [source1] processed 1930000 rows so far
2026-09-27 20:38:08,059 [INFO] ber.forensics: [source1] processed 1940000 rows so far
2026-09-27 20:38:09,199 [INFO] ber.forensics: [source1] processed 1950000 rows so far
2026-09-27 20:38:10,318 [INFO] ber.forensics: [source1] processed 1960000 rows so far
2026-09-27 20:38:11,490 [INFO] ber.forensics: [source1] processed 1970000 rows so far
2026-09-27 20:38:12,809 [INFO] ber.forensics: [source1] processed 1980000 rows so far
2026-09-27 20:38:13,832 [INFO] ber.forensics: [source1] processed 1990000 rows so far
2026-09-27 20:38:14,897 [INFO] ber.forensics: [source1] processed 2000000 rows so far
2026-09-27 20:38:16,366 [INFO] ber.forensics: [source1] processed 2010000 rows so far
2026-09-27 20:38:17,578 [INFO] ber.forensics: [source1] processed 2020000 rows so far
2026-09-27 20:38:18,849 [INFO] ber.forensics: [source1] processed 2030000 rows so far
2026-09-27 20:38:21,913 [INFO] ber.forensics: [source1] processed 2040000 rows so far
2026-09-27 20:38:24,091 [INFO] ber.forensics: [source1] processed 2050000 rows so far
2026-09-27 20:38:25,072 [INFO] ber.forensics: [source1] processed 2060000 rows so far
2026-09-27 20:38:26,156 [INFO] ber.forensics: [source1] processed 2070000 rows so far
2026-09-27 20:38:27,412 [INFO] ber.forensics: [source1] processed 2080000 rows so far
2026-09-27 20:38:28,680 [INFO] ber.forensics: [source1] processed 2090000 rows so far
2026-09-27 20:38:33,556 [INFO] ber.forensics: [source1] processed 2100000 rows so far
2026-09-27 20:38:34,556 [INFO] ber.forensics: [source1] processed 2110000 rows so far
2026-09-27 20:38:35,899 [INFO] ber.forensics: [source1] processed 2120000 rows so far
2026-09-27 20:38:36,992 [INFO] ber.forensics: [source1] processed 2130000 rows so far
2026-09-27 20:38:38,157 [INFO] ber.forensics: [source1] processed 2140000 rows so far
2026-09-27 20:38:39,213 [INFO] ber.forensics: [source1] processed 2150000 rows so far
2026-09-27 20:38:40,157 [INFO] ber.forensics: [source1] processed 2160000 rows so far
2026-09-27 20:38:41,360 [INFO] ber.forensics: [source1] processed 2170000 rows so far
2026-09-27 20:38:42,747 [INFO] ber.forensics: [source1] processed 2180000 rows so far
2026-09-27 20:38:44,024 [INFO] ber.forensics: [source1] processed 2190000 rows so far
2026-09-27 20:38:45,475 [INFO] ber.forensics: [source1] processed 2200000 rows so far
2026-09-27 20:38:47,001 [INFO] ber.forensics: [source1] processed 2206821 rows so far
2026-09-27 20:39:29,643 [INFO] ber.forensics: [source2] processed 10000 rows so far
2026-09-27 20:39:34,041 [INFO] ber.forensics: [source2] processed 20000 rows so far
2026-09-27 20:39:35,025 [INFO] ber.forensics: [source2] processed 30000 rows so far
2026-09-27 20:39:36,441 [INFO] ber.forensics: [source2] processed 40000 rows so far
2026-09-27 20:39:37,370 [INFO] ber.forensics: [source2] processed 50000 rows so far
2026-09-27 20:39:40,680 [INFO] ber.forensics: [source2] processed 60000 rows so far
2026-09-27 20:39:42,903 [INFO] ber.forensics: [source2] processed 70000 rows so far
2026-09-27 20:39:43,884 [INFO] ber.forensics: [source2] processed 80000 rows so far
2026-09-27 20:39:44,946 [INFO] ber.forensics: [source2] processed 90000 rows so far
2026-09-27 20:39:46,128 [INFO] ber.forensics: [source2] processed 100000 rows so far
2026-09-27 20:39:47,084 [INFO] ber.forensics: [source2] processed 110000 rows so far
2026-09-27 20:39:48,538 [INFO] ber.forensics: [source2] processed 120000 rows so far
2026-09-27 20:39:49,396 [INFO] ber.forensics: [source2] processed 130000 rows so far
2026-09-27 20:39:52,629 [INFO] ber.forensics: [source2] processed 140000 rows so far
2026-09-27 20:39:53,851 [INFO] ber.forensics: [source2] processed 150000 rows so far
2026-09-27 20:39:54,834 [INFO] ber.forensics: [source2] processed 160000 rows so far
2026-09-27 20:39:55,820 [INFO] ber.forensics: [source2] processed 170000 rows so far
2026-09-27 20:39:56,988 [INFO] ber.forensics: [source2] processed 180000 rows so far
2026-09-27 20:39:57,971 [INFO] ber.forensics: [source2] processed 190000 rows so far
2026-09-27 20:40:02,425 [INFO] ber.forensics: [source2] processed 200000 rows so far
2026-09-27 20:40:03,363 [INFO] ber.forensics: [source2] processed 210000 rows so far
2026-09-27 20:40:04,332 [INFO] ber.forensics: [source2] processed 220000 rows so far
2026-09-27 20:40:05,321 [INFO] ber.forensics: [source2] processed 230000 rows so far
2026-09-27 20:40:06,313 [INFO] ber.forensics: [source2] processed 240000 rows so far
2026-09-27 20:40:08,860 [INFO] ber.forensics: [source2] processed 250000 rows so far
2026-09-27 20:40:11,533 [INFO] ber.forensics: [source2] processed 260000 rows so far
2026-09-27 20:40:12,495 [INFO] ber.forensics: [source2] processed 270000 rows so far
2026-09-27 20:40:13,600 [INFO] ber.forensics: [source2] processed 280000 rows so far
2026-09-27 20:40:14,806 [INFO] ber.forensics: [source2] processed 290000 rows so far
2026-09-27 20:40:20,622 [INFO] ber.forensics: [source2] processed 300000 rows so far
2026-09-27 20:40:21,690 [INFO] ber.forensics: [source2] processed 310000 rows so far
2026-09-27 20:40:22,641 [INFO] ber.forensics: [source2] processed 320000 rows so far
2026-09-27 20:40:23,669 [INFO] ber.forensics: [source2] processed 330000 rows so far
2026-09-27 20:40:24,680 [INFO] ber.forensics: [source2] processed 340000 rows so far
2026-09-27 20:40:25,844 [INFO] ber.forensics: [source2] processed 350000 rows so far
2026-09-27 20:40:26,922 [INFO] ber.forensics: [source2] processed 360000 rows so far
2026-09-27 20:40:28,108 [INFO] ber.forensics: [source2] processed 370000 rows so far
2026-09-27 20:40:29,336 [INFO] ber.forensics: [source2] processed 380000 rows so far
2026-09-27 20:40:30,436 [INFO] ber.forensics: [source2] processed 390000 rows so far
2026-09-27 20:40:31,512 [INFO] ber.forensics: [source2] processed 400000 rows so far
2026-09-27 20:40:32,534 [INFO] ber.forensics: [source2] processed 410000 rows so far
2026-09-27 20:40:33,761 [INFO] ber.forensics: [source2] processed 420000 rows so far
2026-09-27 20:40:34,863 [INFO] ber.forensics: [source2] processed 430000 rows so far
2026-09-27 20:40:36,592 [INFO] ber.forensics: [source2] processed 440000 rows so far
2026-09-27 20:40:37,794 [INFO] ber.forensics: [source2] processed 450000 rows so far
2026-09-27 20:40:38,855 [INFO] ber.forensics: [source2] processed 460000 rows so far
2026-09-27 20:40:40,133 [INFO] ber.forensics: [source2] processed 470000 rows so far
2026-09-27 20:40:41,435 [INFO] ber.forensics: [source2] processed 480000 rows so far
2026-09-27 20:40:42,694 [INFO] ber.forensics: [source2] processed 490000 rows so far
2026-09-27 20:40:43,778 [INFO] ber.forensics: [source2] processed 500000 rows so far
2026-09-27 20:40:44,857 [INFO] ber.forensics: [source2] processed 510000 rows so far
2026-09-27 20:40:45,936 [INFO] ber.forensics: [source2] processed 520000 rows so far
2026-09-27 20:40:47,022 [INFO] ber.forensics: [source2] processed 530000 rows so far
2026-09-27 20:40:48,371 [INFO] ber.forensics: [source2] processed 540000 rows so far
2026-09-27 20:40:49,503 [INFO] ber.forensics: [source2] processed 550000 rows so far
2026-09-27 20:40:50,788 [INFO] ber.forensics: [source2] processed 560000 rows so far
2026-09-27 20:40:51,998 [INFO] ber.forensics: [source2] processed 570000 rows so far
2026-09-27 20:40:53,148 [INFO] ber.forensics: [source2] processed 580000 rows so far
2026-09-27 20:40:54,383 [INFO] ber.forensics: [source2] processed 590000 rows so far
2026-09-27 20:40:55,687 [INFO] ber.forensics: [source2] processed 600000 rows so far
2026-09-27 20:40:56,971 [INFO] ber.forensics: [source2] processed 610000 rows so far
2026-09-27 20:40:58,646 [INFO] ber.forensics: [source2] processed 620000 rows so far
2026-09-27 20:40:59,835 [INFO] ber.forensics: [source2] processed 630000 rows so far
2026-09-27 20:41:01,327 [INFO] ber.forensics: [source2] processed 640000 rows so far
2026-09-27 20:41:03,006 [INFO] ber.forensics: [source2] processed 650000 rows so far
2026-09-27 20:41:04,190 [INFO] ber.forensics: [source2] processed 660000 rows so far
2026-09-27 20:41:05,459 [INFO] ber.forensics: [source2] processed 670000 rows so far
2026-09-27 20:41:07,298 [INFO] ber.forensics: [source2] processed 680000 rows so far
2026-09-27 20:41:08,727 [INFO] ber.forensics: [source2] processed 690000 rows so far
2026-09-27 20:41:10,070 [INFO] ber.forensics: [source2] processed 700000 rows so far
2026-09-27 20:41:11,289 [INFO] ber.forensics: [source2] processed 710000 rows so far
2026-09-27 20:41:12,483 [INFO] ber.forensics: [source2] processed 720000 rows so far
2026-09-27 20:41:13,756 [INFO] ber.forensics: [source2] processed 730000 rows so far
2026-09-27 20:41:15,184 [INFO] ber.forensics: [source2] processed 740000 rows so far
2026-09-27 20:41:16,446 [INFO] ber.forensics: [source2] processed 750000 rows so far
2026-09-27 20:41:17,604 [INFO] ber.forensics: [source2] processed 760000 rows so far
2026-09-27 20:41:18,690 [INFO] ber.forensics: [source2] processed 770000 rows so far
2026-09-27 20:41:19,786 [INFO] ber.forensics: [source2] processed 780000 rows so far
2026-09-27 20:41:20,984 [INFO] ber.forensics: [source2] processed 790000 rows so far
2026-09-27 20:41:22,100 [INFO] ber.forensics: [source2] processed 800000 rows so far
2026-09-27 20:41:23,223 [INFO] ber.forensics: [source2] processed 810000 rows so far
2026-09-27 20:41:24,477 [INFO] ber.forensics: [source2] processed 820000 rows so far
2026-09-27 20:41:25,637 [INFO] ber.forensics: [source2] processed 830000 rows so far
2026-09-27 20:41:26,726 [INFO] ber.forensics: [source2] processed 840000 rows so far
2026-09-27 20:41:27,803 [INFO] ber.forensics: [source2] processed 850000 rows so far
2026-09-27 20:41:28,934 [INFO] ber.forensics: [source2] processed 860000 rows so far
2026-09-27 20:41:30,094 [INFO] ber.forensics: [source2] processed 870000 rows so far
2026-09-27 20:41:31,137 [INFO] ber.forensics: [source2] processed 880000 rows so far
2026-09-27 20:41:32,267 [INFO] ber.forensics: [source2] processed 890000 rows so far
2026-09-27 20:41:33,383 [INFO] ber.forensics: [source2] processed 900000 rows so far
2026-09-27 20:41:34,481 [INFO] ber.forensics: [source2] processed 910000 rows so far
2026-09-27 20:41:36,040 [INFO] ber.forensics: [source2] processed 920000 rows so far
2026-09-27 20:41:37,245 [INFO] ber.forensics: [source2] processed 930000 rows so far
2026-09-27 20:41:38,298 [INFO] ber.forensics: [source2] processed 940000 rows so far
2026-09-27 20:41:44,098 [INFO] ber.forensics: [source2] processed 950000 rows so far
2026-09-27 20:41:45,080 [INFO] ber.forensics: [source2] processed 960000 rows so far
2026-09-27 20:41:46,122 [INFO] ber.forensics: [source2] processed 970000 rows so far
2026-09-27 20:41:47,148 [INFO] ber.forensics: [source2] processed 980000 rows so far
2026-09-27 20:41:48,157 [INFO] ber.forensics: [source2] processed 990000 rows so far
2026-09-27 20:41:49,254 [INFO] ber.forensics: [source2] processed 1000000 rows so far
2026-09-27 20:41:51,386 [INFO] ber.forensics: [source2] processed 1010000 rows so far
2026-09-27 20:41:52,800 [INFO] ber.forensics: [source2] processed 1020000 rows so far
2026-09-27 20:41:54,021 [INFO] ber.forensics: [source2] processed 1030000 rows so far
2026-09-27 20:41:55,178 [INFO] ber.forensics: [source2] processed 1040000 rows so far
2026-09-27 20:41:56,275 [INFO] ber.forensics: [source2] processed 1050000 rows so far
2026-09-27 20:42:00,314 [INFO] ber.forensics: [source2] processed 1060000 rows so far
2026-09-27 20:42:01,403 [INFO] ber.forensics: [source2] processed 1070000 rows so far
2026-09-27 20:42:02,373 [INFO] ber.forensics: [source2] processed 1080000 rows so far
2026-09-27 20:42:03,361 [INFO] ber.forensics: [source2] processed 1090000 rows so far
2026-09-27 20:42:04,491 [INFO] ber.forensics: [source2] processed 1100000 rows so far
2026-09-27 20:42:06,911 [INFO] ber.forensics: [source2] processed 1110000 rows so far
2026-09-27 20:42:09,031 [INFO] ber.forensics: [source2] processed 1120000 rows so far
2026-09-27 20:42:10,253 [INFO] ber.forensics: [source2] processed 1130000 rows so far
2026-09-27 20:42:14,389 [INFO] ber.forensics: [source2] processed 1140000 rows so far
2026-09-27 20:42:15,812 [INFO] ber.forensics: [source2] processed 1150000 rows so far
2026-09-27 20:42:16,811 [INFO] ber.forensics: [source2] processed 1160000 rows so far
2026-09-27 20:42:17,807 [INFO] ber.forensics: [source2] processed 1170000 rows so far
2026-09-27 20:42:18,819 [INFO] ber.forensics: [source2] processed 1180000 rows so far
2026-09-27 20:42:19,858 [INFO] ber.forensics: [source2] processed 1190000 rows so far
2026-09-27 20:42:24,588 [INFO] ber.forensics: [source2] processed 1200000 rows so far
2026-09-27 20:42:25,578 [INFO] ber.forensics: [source2] processed 1210000 rows so far
2026-09-27 20:42:26,692 [INFO] ber.forensics: [source2] processed 1220000 rows so far
2026-09-27 20:42:27,765 [INFO] ber.forensics: [source2] processed 1230000 rows so far
2026-09-27 20:42:32,341 [INFO] ber.forensics: [source2] processed 1240000 rows so far
2026-09-27 20:42:33,586 [INFO] ber.forensics: [source2] processed 1250000 rows so far
2026-09-27 20:42:34,622 [INFO] ber.forensics: [source2] processed 1260000 rows so far
2026-09-27 20:42:35,609 [INFO] ber.forensics: [source2] processed 1270000 rows so far
2026-09-27 20:42:36,784 [INFO] ber.forensics: [source2] processed 1280000 rows so far
2026-09-27 20:42:40,358 [INFO] ber.forensics: [source2] processed 1290000 rows so far
2026-09-27 20:42:41,384 [INFO] ber.forensics: [source2] processed 1300000 rows so far
2026-09-27 20:42:42,597 [INFO] ber.forensics: [source2] processed 1310000 rows so far
2026-09-27 20:42:43,755 [INFO] ber.forensics: [source2] processed 1320000 rows so far
2026-09-27 20:42:44,922 [INFO] ber.forensics: [source2] processed 1330000 rows so far
2026-09-27 20:42:48,315 [INFO] ber.forensics: [source2] processed 1340000 rows so far
2026-09-27 20:42:49,531 [INFO] ber.forensics: [source2] processed 1350000 rows so far
2026-09-27 20:42:50,738 [INFO] ber.forensics: [source2] processed 1360000 rows so far
2026-09-27 20:42:51,931 [INFO] ber.forensics: [source2] processed 1370000 rows so far
2026-09-27 20:42:53,141 [INFO] ber.forensics: [source2] processed 1380000 rows so far
2026-09-27 20:42:59,086 [INFO] ber.forensics: [source2] processed 1390000 rows so far
2026-09-27 20:43:00,306 [INFO] ber.forensics: [source2] processed 1400000 rows so far
2026-09-27 20:43:03,609 [INFO] ber.forensics: [source2] processed 1410000 rows so far
2026-09-27 20:43:05,558 [INFO] ber.forensics: [source2] processed 1420000 rows so far
2026-09-27 20:43:10,025 [INFO] ber.forensics: [source2] processed 1430000 rows so far
2026-09-27 20:43:11,274 [INFO] ber.forensics: [source2] processed 1440000 rows so far
2026-09-27 20:43:12,649 [INFO] ber.forensics: [source2] processed 1450000 rows so far
2026-09-27 20:43:14,257 [INFO] ber.forensics: [source2] processed 1460000 rows so far
2026-09-27 20:43:16,269 [INFO] ber.forensics: [source2] processed 1470000 rows so far
2026-09-27 20:43:21,057 [INFO] ber.forensics: [source2] processed 1480000 rows so far
2026-09-27 20:43:22,576 [INFO] ber.forensics: [source2] processed 1490000 rows so far
2026-09-27 20:43:24,193 [INFO] ber.forensics: [source2] processed 1500000 rows so far
2026-09-27 20:43:26,233 [INFO] ber.forensics: [source2] processed 1510000 rows so far
2026-09-27 20:43:28,118 [INFO] ber.forensics: [source2] processed 1520000 rows so far
2026-09-27 20:43:29,686 [INFO] ber.forensics: [source2] processed 1530000 rows so far
2026-09-27 20:43:31,248 [INFO] ber.forensics: [source2] processed 1540000 rows so far
2026-09-27 20:43:32,892 [INFO] ber.forensics: [source2] processed 1550000 rows so far
2026-09-27 20:43:34,251 [INFO] ber.forensics: [source2] processed 1560000 rows so far
2026-09-27 20:43:37,362 [INFO] ber.forensics: [source2] processed 1570000 rows so far
2026-09-27 20:43:38,736 [INFO] ber.forensics: [source2] processed 1580000 rows so far
2026-09-27 20:43:40,059 [INFO] ber.forensics: [source2] processed 1590000 rows so far
2026-09-27 20:43:43,669 [INFO] ber.forensics: [source2] processed 1600000 rows so far
2026-09-27 20:43:51,401 [INFO] ber.forensics: [source2] processed 1610000 rows so far
2026-09-27 20:43:52,494 [INFO] ber.forensics: [source2] processed 1620000 rows so far
2026-09-27 20:43:53,615 [INFO] ber.forensics: [source2] processed 1630000 rows so far
2026-09-27 20:43:54,607 [INFO] ber.forensics: [source2] processed 1640000 rows so far
2026-09-27 20:43:55,729 [INFO] ber.forensics: [source2] processed 1650000 rows so far
2026-09-27 20:43:59,646 [INFO] ber.forensics: [source2] processed 1660000 rows so far
2026-09-27 20:44:01,332 [INFO] ber.forensics: [source2] processed 1670000 rows so far
2026-09-27 20:44:02,201 [INFO] ber.forensics: [source2] processed 1680000 rows so far
2026-09-27 20:44:03,242 [INFO] ber.forensics: [source2] processed 1690000 rows so far
2026-09-27 20:44:04,261 [INFO] ber.forensics: [source2] processed 1700000 rows so far
2026-09-27 20:44:05,230 [INFO] ber.forensics: [source2] processed 1710000 rows so far
2026-09-27 20:44:06,215 [INFO] ber.forensics: [source2] processed 1720000 rows so far
2026-09-27 20:44:10,305 [INFO] ber.forensics: [source2] processed 1730000 rows so far
2026-09-27 20:44:11,470 [INFO] ber.forensics: [source2] processed 1740000 rows so far
2026-09-27 20:44:12,407 [INFO] ber.forensics: [source2] processed 1750000 rows so far
2026-09-27 20:44:13,932 [INFO] ber.forensics: [source2] processed 1760000 rows so far
2026-09-27 20:44:14,878 [INFO] ber.forensics: [source2] processed 1770000 rows so far
2026-09-27 20:44:15,910 [INFO] ber.forensics: [source2] processed 1780000 rows so far
2026-09-27 20:44:16,984 [INFO] ber.forensics: [source2] processed 1790000 rows so far
2026-09-27 20:44:18,141 [INFO] ber.forensics: [source2] processed 1800000 rows so far
2026-09-27 20:44:19,387 [INFO] ber.forensics: [source2] processed 1810000 rows so far
2026-09-27 20:44:20,501 [INFO] ber.forensics: [source2] processed 1820000 rows so far
2026-09-27 20:44:21,691 [INFO] ber.forensics: [source2] processed 1830000 rows so far
2026-09-27 20:44:22,654 [INFO] ber.forensics: [source2] processed 1840000 rows so far
2026-09-27 20:44:23,569 [INFO] ber.forensics: [source2] processed 1850000 rows so far
2026-09-27 20:44:24,536 [INFO] ber.forensics: [source2] processed 1860000 rows so far
2026-09-27 20:44:25,606 [INFO] ber.forensics: [source2] processed 1870000 rows so far
2026-09-27 20:44:26,585 [INFO] ber.forensics: [source2] processed 1880000 rows so far
2026-09-27 20:44:27,595 [INFO] ber.forensics: [source2] processed 1890000 rows so far
2026-09-27 20:44:28,576 [INFO] ber.forensics: [source2] processed 1900000 rows so far
2026-09-27 20:44:30,139 [INFO] ber.forensics: [source2] processed 1910000 rows so far
2026-09-27 20:44:31,703 [INFO] ber.forensics: [source2] processed 1920000 rows so far
2026-09-27 20:44:32,965 [INFO] ber.forensics: [source2] processed 1930000 rows so far
2026-09-27 20:44:34,287 [INFO] ber.forensics: [source2] processed 1940000 rows so far
2026-09-27 20:44:35,406 [INFO] ber.forensics: [source2] processed 1950000 rows so far
2026-09-27 20:44:36,466 [INFO] ber.forensics: [source2] processed 1960000 rows so far
2026-09-27 20:44:38,002 [INFO] ber.forensics: [source2] processed 1970000 rows so far
2026-09-27 20:44:39,420 [INFO] ber.forensics: [source2] processed 1980000 rows so far
2026-09-27 20:44:41,334 [INFO] ber.forensics: [source2] processed 1990000 rows so far
2026-09-27 20:44:43,085 [INFO] ber.forensics: [source2] processed 2000000 rows so far
2026-09-27 20:44:44,405 [INFO] ber.forensics: [source2] processed 2010000 rows so far
2026-09-27 20:44:45,935 [INFO] ber.forensics: [source2] processed 2020000 rows so far
2026-09-27 20:44:47,658 [INFO] ber.forensics: [source2] processed 2030000 rows so far
2026-09-27 20:44:49,293 [INFO] ber.forensics: [source2] processed 2040000 rows so far
2026-09-27 20:44:50,523 [INFO] ber.forensics: [source2] processed 2050000 rows so far
2026-09-27 20:44:51,742 [INFO] ber.forensics: [source2] processed 2060000 rows so far
2026-09-27 20:44:53,041 [INFO] ber.forensics: [source2] processed 2070000 rows so far
2026-09-27 20:44:54,287 [INFO] ber.forensics: [source2] processed 2080000 rows so far
2026-09-27 20:44:55,737 [INFO] ber.forensics: [source2] processed 2090000 rows so far
2026-09-27 20:44:57,992 [INFO] ber.forensics: [source2] processed 2100000 rows so far
2026-09-27 20:44:59,261 [INFO] ber.forensics: [source2] processed 2110000 rows so far
2026-09-27 20:45:00,464 [INFO] ber.forensics: [source2] processed 2120000 rows so far
2026-09-27 20:45:01,747 [INFO] ber.forensics: [source2] processed 2130000 rows so far
2026-09-27 20:45:03,087 [INFO] ber.forensics: [source2] processed 2140000 rows so far
2026-09-27 20:45:04,179 [INFO] ber.forensics: [source2] processed 2150000 rows so far
2026-09-27 20:45:05,279 [INFO] ber.forensics: [source2] processed 2160000 rows so far
2026-09-27 20:45:06,382 [INFO] ber.forensics: [source2] processed 2170000 rows so far
2026-09-27 20:45:07,489 [INFO] ber.forensics: [source2] processed 2180000 rows so far
2026-09-27 20:45:08,524 [INFO] ber.forensics: [source2] processed 2190000 rows so far
2026-09-27 20:45:09,552 [INFO] ber.forensics: [source2] processed 2200000 rows so far
2026-09-27 20:45:10,612 [INFO] ber.forensics: [source2] processed 2210000 rows so far
2026-09-27 20:45:11,930 [INFO] ber.forensics: [source2] processed 2220000 rows so far
2026-09-27 20:45:13,016 [INFO] ber.forensics: [source2] processed 2230000 rows so far
2026-09-27 20:45:14,076 [INFO] ber.forensics: [source2] processed 2240000 rows so far
2026-09-27 20:45:15,145 [INFO] ber.forensics: [source2] processed 2250000 rows so far
2026-09-27 20:45:16,172 [INFO] ber.forensics: [source2] processed 2260000 rows so far
2026-09-27 20:45:17,379 [INFO] ber.forensics: [source2] processed 2270000 rows so far
2026-09-27 20:45:21,631 [INFO] ber.forensics: [source2] processed 2280000 rows so far
2026-09-27 20:45:23,639 [INFO] ber.forensics: [source2] processed 2290000 rows so far
2026-09-27 20:45:24,838 [INFO] ber.forensics: [source2] processed 2300000 rows so far
2026-09-27 20:45:26,302 [INFO] ber.forensics: [source2] processed 2310000 rows so far
2026-09-27 20:45:34,023 [INFO] ber.forensics: [source2] processed 2320000 rows so far
2026-09-27 20:45:35,930 [INFO] ber.forensics: [source2] processed 2330000 rows so far
2026-09-27 20:45:36,882 [INFO] ber.forensics: [source2] processed 2340000 rows so far
2026-09-27 20:45:37,952 [INFO] ber.forensics: [source2] processed 2350000 rows so far
2026-09-27 20:45:39,182 [INFO] ber.forensics: [source2] processed 2360000 rows so far
2026-09-27 20:45:40,317 [INFO] ber.forensics: [source2] processed 2370000 rows so far
2026-09-27 20:45:41,487 [INFO] ber.forensics: [source2] processed 2380000 rows so far
2026-09-27 20:45:43,809 [INFO] ber.forensics: [source2] processed 2390000 rows so far
2026-09-27 20:45:47,519 [INFO] ber.forensics: [source2] processed 2400000 rows so far
2026-09-27 20:45:48,538 [INFO] ber.forensics: [source2] processed 2410000 rows so far
2026-09-27 20:45:49,844 [INFO] ber.forensics: [source2] processed 2420000 rows so far
2026-09-27 20:45:52,888 [INFO] ber.forensics: [source2] processed 2430000 rows so far
2026-09-27 20:45:54,182 [INFO] ber.forensics: [source2] processed 2440000 rows so far
2026-09-27 20:45:55,459 [INFO] ber.forensics: [source2] processed 2450000 rows so far
2026-09-27 20:45:57,294 [INFO] ber.forensics: [source2] processed 2460000 rows so far
2026-09-27 20:45:58,810 [INFO] ber.forensics: [source2] processed 2470000 rows so far
2026-09-27 20:46:06,228 [INFO] ber.forensics: [source2] processed 2480000 rows so far
2026-09-27 20:46:07,592 [INFO] ber.forensics: [source2] processed 2490000 rows so far
2026-09-27 20:46:08,853 [INFO] ber.forensics: [source2] processed 2500000 rows so far
2026-09-27 20:46:10,170 [INFO] ber.forensics: [source2] processed 2510000 rows so far
2026-09-27 20:46:13,039 [INFO] ber.forensics: [source2] processed 2520000 rows so far
2026-09-27 20:46:14,932 [INFO] ber.forensics: [source2] processed 2530000 rows so far
2026-09-27 20:46:16,338 [INFO] ber.forensics: [source2] processed 2540000 rows so far
2026-09-27 20:46:17,826 [INFO] ber.forensics: [source2] processed 2550000 rows so far
2026-09-27 20:46:19,253 [INFO] ber.forensics: [source2] processed 2560000 rows so far
2026-09-27 20:46:20,621 [INFO] ber.forensics: [source2] processed 2570000 rows so far
2026-09-27 20:46:21,980 [INFO] ber.forensics: [source2] processed 2580000 rows so far
2026-09-27 20:46:23,404 [INFO] ber.forensics: [source2] processed 2590000 rows so far
2026-09-27 20:46:32,643 [INFO] ber.forensics: [source2] processed 2600000 rows so far
2026-09-27 20:46:33,926 [INFO] ber.forensics: [source2] processed 2610000 rows so far
2026-09-27 20:46:37,665 [INFO] ber.forensics: [source2] processed 2620000 rows so far
2026-09-27 20:46:39,971 [INFO] ber.forensics: [source2] processed 2630000 rows so far
2026-09-27 20:46:44,401 [INFO] ber.forensics: [source2] processed 2640000 rows so far
2026-09-27 20:46:49,208 [INFO] ber.forensics: [source2] processed 2650000 rows so far
2026-09-27 20:46:51,592 [INFO] ber.forensics: [source2] processed 2660000 rows so far
2026-09-27 20:46:57,936 [INFO] ber.forensics: [source2] processed 2670000 rows so far
2026-09-27 20:47:02,642 [INFO] ber.forensics: [source2] processed 2680000 rows so far
2026-09-27 20:47:03,940 [INFO] ber.forensics: [source2] processed 2690000 rows so far
2026-09-27 20:47:05,561 [INFO] ber.forensics: [source2] processed 2700000 rows so far
2026-09-27 20:47:07,014 [INFO] ber.forensics: [source2] processed 2710000 rows so far
2026-09-27 20:47:09,850 [INFO] ber.forensics: [source2] processed 2720000 rows so far
2026-09-27 20:47:10,924 [INFO] ber.forensics: [source2] processed 2730000 rows so far
2026-09-27 20:47:12,531 [INFO] ber.forensics: [source2] processed 2740000 rows so far
2026-09-27 20:47:13,818 [INFO] ber.forensics: [source2] processed 2750000 rows so far
2026-09-27 20:47:14,938 [INFO] ber.forensics: [source2] processed 2760000 rows so far
2026-09-27 20:47:16,043 [INFO] ber.forensics: [source2] processed 2770000 rows so far
2026-09-27 20:47:17,182 [INFO] ber.forensics: [source2] processed 2780000 rows so far
2026-09-27 20:47:20,492 [INFO] ber.forensics: [source2] processed 2790000 rows so far
2026-09-27 20:47:22,102 [INFO] ber.forensics: [source2] processed 2800000 rows so far
2026-09-27 20:47:24,469 [INFO] ber.forensics: [source2] processed 2810000 rows so far
2026-09-27 20:47:25,964 [INFO] ber.forensics: [source2] processed 2820000 rows so far
2026-09-27 20:47:27,278 [INFO] ber.forensics: [source2] processed 2830000 rows so far
2026-09-27 20:47:29,260 [INFO] ber.forensics: [source2] processed 2840000 rows so far
2026-09-27 20:47:30,600 [INFO] ber.forensics: [source2] processed 2850000 rows so far
2026-09-27 20:47:35,292 [INFO] ber.forensics: [source2] processed 2860000 rows so far
2026-09-27 20:47:36,473 [INFO] ber.forensics: [source2] processed 2870000 rows so far
2026-09-27 20:47:37,964 [INFO] ber.forensics: [source2] processed 2880000 rows so far
2026-09-27 20:47:42,309 [INFO] ber.forensics: [source2] processed 2890000 rows so far
2026-09-27 20:47:43,562 [INFO] ber.forensics: [source2] processed 2900000 rows so far
2026-09-27 20:47:45,013 [INFO] ber.forensics: [source2] processed 2910000 rows so far
2026-09-27 20:47:46,640 [INFO] ber.forensics: [source2] processed 2920000 rows so far
2026-09-27 20:47:48,296 [INFO] ber.forensics: [source2] processed 2930000 rows so far
2026-09-27 20:47:49,800 [INFO] ber.forensics: [source2] processed 2940000 rows so far
2026-09-27 20:47:51,198 [INFO] ber.forensics: [source2] processed 2950000 rows so far
2026-09-27 20:47:55,198 [INFO] ber.forensics: [source2] processed 2960000 rows so far
2026-09-27 20:47:58,494 [INFO] ber.forensics: [source2] processed 2970000 rows so far
2026-09-27 20:47:59,768 [INFO] ber.forensics: [source2] processed 2980000 rows so far
2026-09-27 20:48:01,020 [INFO] ber.forensics: [source2] processed 2990000 rows so far
2026-09-27 20:48:02,390 [INFO] ber.forensics: [source2] processed 3000000 rows so far
2026-09-27 20:48:08,630 [INFO] ber.forensics: [source2] processed 3010000 rows so far
2026-09-27 20:48:10,518 [INFO] ber.forensics: [source2] processed 3020000 rows so far
2026-09-27 20:48:11,859 [INFO] ber.forensics: [source2] processed 3030000 rows so far
2026-09-27 20:48:13,717 [INFO] ber.forensics: [source2] processed 3040000 rows so far
2026-09-27 20:48:15,231 [INFO] ber.forensics: [source2] processed 3050000 rows so far
2026-09-27 20:48:19,631 [INFO] ber.forensics: [source2] processed 3060000 rows so far
2026-09-27 20:48:21,416 [INFO] ber.forensics: [source2] processed 3070000 rows so far
2026-09-27 20:48:22,789 [INFO] ber.forensics: [source2] processed 3080000 rows so far
2026-09-27 20:48:24,548 [INFO] ber.forensics: [source2] processed 3090000 rows so far
2026-09-27 20:48:29,218 [INFO] ber.forensics: [source2] processed 3100000 rows so far
2026-09-27 20:48:32,499 [INFO] ber.forensics: [source2] processed 3110000 rows so far
2026-09-27 20:48:35,092 [INFO] ber.forensics: [source2] processed 3120000 rows so far
2026-09-27 20:48:41,056 [INFO] ber.forensics: [source2] processed 3130000 rows so far
2026-09-27 20:48:42,684 [INFO] ber.forensics: [source2] processed 3140000 rows so far
2026-09-27 20:48:44,196 [INFO] ber.forensics: [source2] processed 3150000 rows so far
2026-09-27 20:48:46,136 [INFO] ber.forensics: [source2] processed 3160000 rows so far
2026-09-27 20:48:50,776 [INFO] ber.forensics: [source2] processed 3170000 rows so far
2026-09-27 20:48:54,723 [INFO] ber.forensics: [source2] processed 3180000 rows so far
2026-09-27 20:48:56,251 [INFO] ber.forensics: [source2] processed 3190000 rows so far
2026-09-27 20:49:01,249 [INFO] ber.forensics: [source2] processed 3200000 rows so far
2026-09-27 20:49:04,282 [INFO] ber.forensics: [source2] processed 3210000 rows so far
2026-09-27 20:49:06,865 [INFO] ber.forensics: [source2] processed 3220000 rows so far
2026-09-27 20:49:10,558 [INFO] ber.forensics: [source2] processed 3230000 rows so far
2026-09-27 20:49:12,430 [INFO] ber.forensics: [source2] processed 3240000 rows so far
2026-09-27 20:49:14,399 [INFO] ber.forensics: [source2] processed 3250000 rows so far
2026-09-27 20:49:17,479 [INFO] ber.forensics: [source2] processed 3260000 rows so far
2026-09-27 20:49:19,832 [INFO] ber.forensics: [source2] processed 3270000 rows so far
2026-09-27 20:49:25,750 [INFO] ber.forensics: [source2] processed 3280000 rows so far
2026-09-27 20:49:28,246 [INFO] ber.forensics: [source2] processed 3290000 rows so far
2026-09-27 20:49:30,248 [INFO] ber.forensics: [source2] processed 3300000 rows so far
2026-09-27 20:49:32,079 [INFO] ber.forensics: [source2] processed 3310000 rows so far
2026-09-27 20:49:36,756 [INFO] ber.forensics: [source2] processed 3320000 rows so far
2026-09-27 20:49:38,576 [INFO] ber.forensics: [source2] processed 3330000 rows so far
2026-09-27 20:49:40,775 [INFO] ber.forensics: [source2] processed 3340000 rows so far
2026-09-27 20:49:46,538 [INFO] ber.forensics: [source2] processed 3350000 rows so far
2026-09-27 20:49:48,667 [INFO] ber.forensics: [source2] processed 3360000 rows so far
2026-09-27 20:49:50,595 [INFO] ber.forensics: [source2] processed 3370000 rows so far
2026-09-27 20:49:54,501 [INFO] ber.forensics: [source2] processed 3380000 rows so far
2026-09-27 20:49:57,034 [INFO] ber.forensics: [source2] processed 3390000 rows so far
2026-09-27 20:49:58,628 [INFO] ber.forensics: [source2] processed 3400000 rows so far
2026-09-27 20:50:00,155 [INFO] ber.forensics: [source2] processed 3410000 rows so far
2026-09-27 20:50:11,585 [INFO] ber.forensics: [source2] processed 3420000 rows so far
2026-09-27 20:50:18,848 [INFO] ber.forensics: [source2] processed 3430000 rows so far
2026-09-27 20:50:24,658 [INFO] ber.forensics: [source2] processed 3440000 rows so far
2026-09-27 20:50:30,698 [INFO] ber.forensics: [source2] processed 3450000 rows so far
2026-09-27 20:50:36,408 [INFO] ber.forensics: [source2] processed 3460000 rows so far
2026-09-27 20:50:42,223 [INFO] ber.forensics: [source2] processed 3470000 rows so far
2026-09-27 20:50:46,983 [INFO] ber.forensics: [source2] processed 3480000 rows so far
2026-09-27 20:51:00,373 [INFO] ber.forensics: [source2] processed 3490000 rows so far
2026-09-27 20:51:09,216 [INFO] ber.forensics: [source2] processed 3500000 rows so far
2026-09-27 20:51:19,510 [INFO] ber.forensics: [source2] processed 3510000 rows so far
2026-09-27 20:51:24,888 [INFO] ber.forensics: [source2] processed 3520000 rows so far
2026-09-27 20:51:27,962 [INFO] ber.forensics: [source2] processed 3530000 rows so far
2026-09-27 20:51:48,475 [INFO] ber.forensics: [source2] processed 3540000 rows so far
2026-09-27 20:51:56,485 [INFO] ber.forensics: [source2] processed 3550000 rows so far
2026-09-27 20:52:08,089 [INFO] ber.forensics: [source2] processed 3560000 rows so far
2026-09-27 20:52:11,628 [INFO] ber.forensics: [source2] processed 3570000 rows so far
2026-09-27 20:52:34,027 [INFO] ber.forensics: [source2] processed 3580000 rows so far
2026-09-27 20:58:32,873 [INFO] ber.forensics: [source2] processed 3590000 rows so far
